

 ETABS Ultimate C 64-bit 22.5.0 Build 3917 (Analysis Build 9988/64)
 File: E:\Etabs Projects\Simple G+2 Building\Final\123.LOG




 B E G I N   A N A L Y S I S                                2026/08/05  20:37:13


 RUNNING ANALYSIS AS A SEPARATE PROCESS
 USING THE ADVANCED SOLVER (PROVIDES LIMITED INSTABILITY INFORMATION)

 NUMBER OF JOINTS                          =         904
    WITH RESTRAINTS                        =          20
    WITH MASS                              =         904
 NUMBER OF FRAME/TENDON ELEMENTS           =         576
 NUMBER OF SHELL ELEMENTS                  =         768
 NUMBER OF LOAD PATTERNS                   =           5
 NUMBER OF ACCELERATION LOADS              =          12
 NUMBER OF LOAD CASES                      =           6
 NUMBER OF MASS SOURCES                    =           1

 UNITS (FORCE, LENGTH, TEMPERATURE, TIME)  = kN, m, °C, sec
 GRAVITATIONAL ACCELERATION                =    9.806650

 ADDRESSABLE PHYSICAL MEMORY (RAM)         =      31.710 GB

 PARALLELIZATION OF ANALYSIS OPERATIONS:
  (Env. variable SAPFIRE_NUM_THREADS not set)
 NUMBER OF THREADS: STATE (AUTOMATIC)      =           6
 NUMBER OF THREADS: STIFFNESS (AUTOMATIC)  =           6
 NUMBER OF THREADS: EVENT (AUTOMATIC)      =           6
 NUMBER OF THREADS: MOVE (AUTOMATIC)       =           6
 NUMBER OF THREADS: RESPONSE (AUTOMATIC)   =           6
 NUMBER OF THREADS: SOLVE (AUTOMATIC)      =           6
 NUMBER OF THREADS: FORM (AUTOMATIC)       =           6


 E L E M E N T   F O R M A T I O N                                      20:37:13



 L I N E A R   E Q U A T I O N   S O L U T I O N                        20:37:13

 FORMING STIFFNESS AT ZERO (UNSTRESSED) INITIAL CONDITIONS

 TOTAL NUMBER OF EQUILIBRIUM EQUATIONS     =        5304
 NUMBER OF NON-ZERO STIFFNESS TERMS        =      135348

 ---------------------------------
 BASIC STABILITY CHECK FOR LINEAR LOAD CASES:
    NUMBER OF NEGATIVE STIFFNESS EIGENVALUES SHOULD BE ZERO FOR STABILITY.
    (NOTE: FURTHER CHECKS SHOULD BE CONSIDERED AS DEEMED NECESSARY,
     SUCH AS REVIEWING EIGEN MODES FOR MECHANISMS AND RIGID-BODY MOTION)

    NUMBER OF NEGATIVE EIGENVALUES         =           0,  OK.
 ---------------------------------


 L I N E A R   S T A T I C   C A S E S                                  20:37:13

 USING STIFFNESS AT ZERO (UNSTRESSED) INITIAL CONDITIONS

 TOTAL NUMBER OF CASES TO SOLVE            =           5
 NUMBER OF CASES TO SOLVE PER BLOCK        =           5

 LINEAR STATIC CASES TO BE SOLVED:

 CASE: DEAD
 CASE: LIVE
 CASE: ~LLRF
 CASE: ~CHINESEX
 CASE: ~CHINESEY


 E I G E N   M O D A L   A N A L Y S I S                                20:37:13

 CASE: MODAL

 USING STIFFNESS AT ZERO (UNSTRESSED) INITIAL CONDITIONS

 NUMBER OF STIFFNESS DEGREES OF FREEDOM    =        5304
 NUMBER OF MASS DEGREES OF FREEDOM         =        1768
 MAXIMUM NUMBER OF EIGEN MODES SOUGHT      =          12
 MINIMUM NUMBER OF EIGEN MODES SOUGHT      =           1
 NUMBER OF RESIDUAL-MASS MODES SOUGHT      =           0
 NUMBER OF SUBSPACE VECTORS USED           =          24
 RELATIVE CONVERGENCE TOLERANCE            =    1.00E-09

 FREQUENCY SHIFT  (CENTER) (CYC/TIME)      =     .000000
 FREQUENCY CUTOFF (RADIUS) (CYC/TIME)      =  -INFINITY-
 ALLOW AUTOMATIC FREQUENCY SHIFTING        =         YES


 Original stiffness at shift : EV= 0.0000000E+00, f=     .000000, T=  -INFINITY-
 Number of eigenvalues below shift =      0
 Found mode      1 of     12:  EV= 8.3893932E+01, f=    1.457758, T=    0.685985
 Found mode      2 of     12:  EV= 1.0211459E+02, f=    1.608289, T=    0.621779
 Found mode      3 of     12:  EV= 1.2704043E+02, f=    1.793871, T=    0.557454
 Found mode      4 of     12:  EV= 7.6927561E+02, f=    4.414293, T=    0.226537
 Found mode      5 of     12:  EV= 9.7338366E+02, f=    4.965491, T=    0.201390
 Found mode      6 of     12:  EV= 1.2016498E+03, f=    5.517078, T=    0.181255
 Found mode      7 of     12:  EV= 2.0783977E+03, f=    7.255786, T=    0.137821
 Found mode      8 of     12:  EV= 2.8009396E+03, f=    8.423101, T=    0.118721
 Found mode      9 of     12:  EV= 3.4288165E+03, f=    9.319492, T=    0.107302
 Found mode     10 of     12:  EV= 3.6770290E+03, f=    9.650919, T=    0.103617
 Found mode     11 of     12:  EV= 5.1611647E+03, f=   11.433889, T=    0.087459
 Found mode     12 of     12:  EV= 6.3238764E+03, f=   12.656447, T=    0.079011

 NUMBER OF EIGEN MODES FOUND               =          12
 NUMBER OF ITERATIONS PERFORMED            =           5
 NUMBER OF STIFFNESS SHIFTS                =           0


 A N A L Y S I S   C O M P L E T E                          2026/08/05  20:37:14
