

 ETABS Ultimate C 64-bit 22.5.0 Build 3917 (Analysis Build 9988/64)
 File: E:\Etabs Projects\ETABS Structural Modeling\Youtuve.LOG




 B E G I N   A N A L Y S I S                                2026/08/06  22:49:40


 RUNNING ANALYSIS AS A SEPARATE PROCESS
 USING THE ADVANCED SOLVER (PROVIDES LIMITED INSTABILITY INFORMATION)

 NUMBER OF JOINTS                          =         861
    WITH RESTRAINTS                        =          16
    WITH MASS                              =         861
 NUMBER OF FRAME/TENDON ELEMENTS           =         560
 NUMBER OF SHELL ELEMENTS                  =         720
 NUMBER OF LOAD PATTERNS                   =          10
 NUMBER OF ACCELERATION LOADS              =          12
 NUMBER OF LOAD CASES                      =           8
 NUMBER OF MASS SOURCES                    =           1

 UNITS (FORCE, LENGTH, TEMPERATURE, TIME)  = N, mm, °C, sec
 GRAVITATIONAL ACCELERATION                =    9806.650

 ADDRESSABLE PHYSICAL MEMORY (RAM)         =      31.710 GB

 PARALLELIZATION OF ANALYSIS OPERATIONS:
  (Env. variable SAPFIRE_NUM_THREADS not set)
 NUMBER OF THREADS: STATE (AUTOMATIC)      =           6
 NUMBER OF THREADS: STIFFNESS (AUTOMATIC)  =           6
 NUMBER OF THREADS: EVENT (AUTOMATIC)      =           6
 NUMBER OF THREADS: MOVE (AUTOMATIC)       =           6
 NUMBER OF THREADS: RESPONSE (AUTOMATIC)   =           6
 NUMBER OF THREADS: SOLVE (AUTOMATIC)      =           6
 NUMBER OF THREADS: FORM (AUTOMATIC)       =           6


 E L E M E N T   F O R M A T I O N                                      22:49:40



 L I N E A R   E Q U A T I O N   S O L U T I O N                        22:49:40

 FORMING STIFFNESS AT ZERO (UNSTRESSED) INITIAL CONDITIONS

 TOTAL NUMBER OF EQUILIBRIUM EQUATIONS     =        5070
 NUMBER OF NON-ZERO STIFFNESS TERMS        =      128049

 ---------------------------------
 BASIC STABILITY CHECK FOR LINEAR LOAD CASES:
    NUMBER OF NEGATIVE STIFFNESS EIGENVALUES SHOULD BE ZERO FOR STABILITY.
    (NOTE: FURTHER CHECKS SHOULD BE CONSIDERED AS DEEMED NECESSARY,
     SUCH AS REVIEWING EIGEN MODES FOR MECHANISMS AND RIGID-BODY MOTION)

    NUMBER OF NEGATIVE EIGENVALUES         =           0,  OK.
 ---------------------------------


 L I N E A R   S T A T I C   C A S E S                                  22:49:40

 USING STIFFNESS AT ZERO (UNSTRESSED) INITIAL CONDITIONS

 TOTAL NUMBER OF CASES TO SOLVE            =           6
 NUMBER OF CASES TO SOLVE PER BLOCK        =           6

 LINEAR STATIC CASES TO BE SOLVED:

 CASE: DEAD
 CASE: LIVE
 CASE: EQ Y
 CASE: ~LLRF
 CASE: ~CHINESEX
 CASE: ~CHINESEY


 M U L T I - S T E P   L I N E A R   S T A T I C   A N A L Y S I S      22:49:40

 CASE: EQ X

 USING STIFFNESS AT ZERO (UNSTRESSED) INITIAL CONDITIONS

 NUMBER OF LOAD STEPS                      =           3


 Solving load steps:       1 to       3
 NUMBER OF OUTPUT STEPS SAVED              =           3


 E I G E N   M O D A L   A N A L Y S I S                                22:49:40

 CASE: MODAL

 USING STIFFNESS AT ZERO (UNSTRESSED) INITIAL CONDITIONS

 NUMBER OF STIFFNESS DEGREES OF FREEDOM    =        5070
 NUMBER OF MASS DEGREES OF FREEDOM         =        1690
 MAXIMUM NUMBER OF EIGEN MODES SOUGHT      =          12
 MINIMUM NUMBER OF EIGEN MODES SOUGHT      =           1
 NUMBER OF RESIDUAL-MASS MODES SOUGHT      =           0
 NUMBER OF SUBSPACE VECTORS USED           =          24
 RELATIVE CONVERGENCE TOLERANCE            =    1.00E-09

 FREQUENCY SHIFT  (CENTER) (CYC/TIME)      =     .000000
 FREQUENCY CUTOFF (RADIUS) (CYC/TIME)      =  -INFINITY-
 ALLOW AUTOMATIC FREQUENCY SHIFTING        =         YES


 Original stiffness at shift : EV= 0.0000000E+00, f=     .000000, T=  -INFINITY-
 Number of eigenvalues below shift =      0
 Found mode      1 of     12:  EV= 1.9230097E+02, f=    2.207043, T=    0.453095
 Found mode      2 of     12:  EV= 2.1908863E+02, f=    2.355755, T=    0.424492
 Found mode      3 of     12:  EV= 2.7631397E+02, f=    2.645584, T=    0.377988
 Found mode      4 of     12:  EV= 1.9618454E+03, f=    7.049406, T=    0.141856
 Found mode      5 of     12:  EV= 2.3287625E+03, f=    7.680380, T=    0.130202
 Found mode      6 of     12:  EV= 2.8165076E+03, f=    8.446477, T=    0.118393
 Found mode      7 of     12:  EV= 6.5253046E+03, f=   12.856434, T=    0.077782
 Found mode      8 of     12:  EV= 8.2512363E+03, f=   14.457049, T=    0.069170
 Found mode      9 of     12:  EV= 9.3892749E+03, f=   15.421839, T=    0.064843
 Found mode     10 of     12:  EV= 1.4325663E+04, f=   19.049233, T=    0.052496
 Found mode     11 of     12:  EV= 1.9306500E+04, f=   22.114235, T=    0.045220
 Found mode     12 of     12:  EV= 2.0949778E+04, f=   23.036147, T=    0.043410

 NUMBER OF EIGEN MODES FOUND               =          12
 NUMBER OF ITERATIONS PERFORMED            =           6
 NUMBER OF STIFFNESS SHIFTS                =           0


 A N A L Y S I S   C O M P L E T E                          2026/08/06  22:49:40


 ETABS Ultimate C 64-bit 22.5.0 Build 3917 (Analysis Build 9988/64)
 File: E:\Etabs Projects\ETABS Structural Modeling\Youtuve.LOG




 B E G I N   A N A L Y S I S                                2026/08/06  22:49:43


 RUNNING ANALYSIS AS A SEPARATE PROCESS
 USING THE ADVANCED SOLVER (PROVIDES LIMITED INSTABILITY INFORMATION)

 NUMBER OF JOINTS                          =         861
    WITH RESTRAINTS                        =          16
    WITH MASS                              =         861
 NUMBER OF FRAME/TENDON ELEMENTS           =         560
 NUMBER OF SHELL ELEMENTS                  =         720
 NUMBER OF LOAD PATTERNS                   =          10
 NUMBER OF ACCELERATION LOADS              =          12
 NUMBER OF LOAD CASES                      =           8
 NUMBER OF MASS SOURCES                    =           1

 UNITS (FORCE, LENGTH, TEMPERATURE, TIME)  = N, mm, °C, sec
 GRAVITATIONAL ACCELERATION                =    9806.650

 ADDRESSABLE PHYSICAL MEMORY (RAM)         =      31.710 GB

 PARALLELIZATION OF ANALYSIS OPERATIONS:
  (Env. variable SAPFIRE_NUM_THREADS not set)
 NUMBER OF THREADS: STATE (AUTOMATIC)      =           6
 NUMBER OF THREADS: STIFFNESS (AUTOMATIC)  =           6
 NUMBER OF THREADS: EVENT (AUTOMATIC)      =           6
 NUMBER OF THREADS: MOVE (AUTOMATIC)       =           6
 NUMBER OF THREADS: RESPONSE (AUTOMATIC)   =           6
 NUMBER OF THREADS: SOLVE (AUTOMATIC)      =           6
 NUMBER OF THREADS: FORM (AUTOMATIC)       =           6


 E L E M E N T   F O R M A T I O N                                      22:49:43



 L I N E A R   E Q U A T I O N   S O L U T I O N                        22:49:43

 FORMING STIFFNESS AT ZERO (UNSTRESSED) INITIAL CONDITIONS

 TOTAL NUMBER OF EQUILIBRIUM EQUATIONS     =        5070
 NUMBER OF NON-ZERO STIFFNESS TERMS        =      128049

 ---------------------------------
 BASIC STABILITY CHECK FOR LINEAR LOAD CASES:
    NUMBER OF NEGATIVE STIFFNESS EIGENVALUES SHOULD BE ZERO FOR STABILITY.
    (NOTE: FURTHER CHECKS SHOULD BE CONSIDERED AS DEEMED NECESSARY,
     SUCH AS REVIEWING EIGEN MODES FOR MECHANISMS AND RIGID-BODY MOTION)

    NUMBER OF NEGATIVE EIGENVALUES         =           0,  OK.
 ---------------------------------


 L I N E A R   S T A T I C   C A S E S                                  22:49:43

 USING STIFFNESS AT ZERO (UNSTRESSED) INITIAL CONDITIONS

 TOTAL NUMBER OF CASES TO SOLVE            =           1
 NUMBER OF CASES TO SOLVE PER BLOCK        =           1

 LINEAR STATIC CASES TO BE SOLVED:

 CASE: EQ Y


 M U L T I - S T E P   L I N E A R   S T A T I C   A N A L Y S I S      22:49:43

 CASE: EQ X

 USING STIFFNESS AT ZERO (UNSTRESSED) INITIAL CONDITIONS

 NUMBER OF LOAD STEPS                      =           3


 Solving load steps:       1 to       3
 NUMBER OF OUTPUT STEPS SAVED              =           3


 A N A L Y S I S   C O M P L E T E                          2026/08/06  22:49:43
