

 ETABS Ultimate C 64-bit 22.5.0 Build 3917 (Analysis Build 9988/64)
 File: E:\Etabs Projects\Steel Truss Bridge\Truss Bridge.LOG




 B E G I N   A N A L Y S I S                                2026/08/04  11:23:46


 RUNNING ANALYSIS AS A SEPARATE PROCESS
 USING THE ADVANCED SOLVER (PROVIDES LIMITED INSTABILITY INFORMATION)

 NUMBER OF JOINTS                          =          68
    WITH RESTRAINTS                        =           8
    WITH MASS                              =          68
 NUMBER OF FRAME/TENDON ELEMENTS           =          63
 NUMBER OF SHELL ELEMENTS                  =          45
 NUMBER OF LOAD PATTERNS                   =           5
 NUMBER OF ACCELERATION LOADS              =          12
 NUMBER OF LOAD CASES                      =           6
 NUMBER OF MASS SOURCES                    =           1

 UNITS (FORCE, LENGTH, TEMPERATURE, TIME)  = N, mm, °C, sec
 GRAVITATIONAL ACCELERATION                =    9806.650

 ADDRESSABLE PHYSICAL MEMORY (RAM)         =      31.710 GB

 PARALLELIZATION OF ANALYSIS OPERATIONS:
  (Env. variable SAPFIRE_NUM_THREADS not set)
 NUMBER OF THREADS: STATE (AUTOMATIC)      =           6
 NUMBER OF THREADS: STIFFNESS (AUTOMATIC)  =           6
 NUMBER OF THREADS: EVENT (AUTOMATIC)      =           6
 NUMBER OF THREADS: MOVE (AUTOMATIC)       =           6
 NUMBER OF THREADS: RESPONSE (AUTOMATIC)   =           6
 NUMBER OF THREADS: SOLVE (AUTOMATIC)      =           6
 NUMBER OF THREADS: FORM (AUTOMATIC)       =           6


 E L E M E N T   F O R M A T I O N                                      11:23:46



 L I N E A R   E Q U A T I O N   S O L U T I O N                        11:23:46

 FORMING STIFFNESS AT ZERO (UNSTRESSED) INITIAL CONDITIONS

 TOTAL NUMBER OF EQUILIBRIUM EQUATIONS     =         384
 NUMBER OF NON-ZERO STIFFNESS TERMS        =        8184

 ---------------------------------
 BASIC STABILITY CHECK FOR LINEAR LOAD CASES:
    NUMBER OF NEGATIVE STIFFNESS EIGENVALUES SHOULD BE ZERO FOR STABILITY.
    (NOTE: FURTHER CHECKS SHOULD BE CONSIDERED AS DEEMED NECESSARY,
     SUCH AS REVIEWING EIGEN MODES FOR MECHANISMS AND RIGID-BODY MOTION)

    NUMBER OF NEGATIVE EIGENVALUES         =           0,  OK.
 ---------------------------------


 L I N E A R   S T A T I C   C A S E S                                  11:23:46

 USING STIFFNESS AT ZERO (UNSTRESSED) INITIAL CONDITIONS

 TOTAL NUMBER OF CASES TO SOLVE            =           5
 NUMBER OF CASES TO SOLVE PER BLOCK        =           5

 LINEAR STATIC CASES TO BE SOLVED:

 CASE: DEAD
 CASE: LIVE
 CASE: ~LLRF
 CASE: ~CHINESEX
 CASE: ~CHINESEY


 E I G E N   M O D A L   A N A L Y S I S                                11:23:46

 CASE: MODAL

 USING STIFFNESS AT ZERO (UNSTRESSED) INITIAL CONDITIONS

 NUMBER OF STIFFNESS DEGREES OF FREEDOM    =         384
 NUMBER OF MASS DEGREES OF FREEDOM         =         120
 MAXIMUM NUMBER OF EIGEN MODES SOUGHT      =          12
 MINIMUM NUMBER OF EIGEN MODES SOUGHT      =           1
 NUMBER OF RESIDUAL-MASS MODES SOUGHT      =           0
 NUMBER OF SUBSPACE VECTORS USED           =          24
 RELATIVE CONVERGENCE TOLERANCE            =    1.00E-09

 FREQUENCY SHIFT  (CENTER) (CYC/TIME)      =     .000000
 FREQUENCY CUTOFF (RADIUS) (CYC/TIME)      =  -INFINITY-
 ALLOW AUTOMATIC FREQUENCY SHIFTING        =         YES


 Original stiffness at shift : EV= 0.0000000E+00, f=     .000000, T=  -INFINITY-
 Number of eigenvalues below shift =      0
 Found mode      1 of     12:  EV= 1.3067114E+04, f=   18.193237, T=    0.054965
 Found mode      2 of     12:  EV= 9.6288683E+04, f=   49.386444, T=    0.020248
 Found mode      3 of     12:  EV= 3.6074735E+05, f=   95.592035, T=    0.010461
 Found mode      4 of     12:  EV= 5.7250637E+05, f=  120.423236, T=    0.008304
 Found mode      5 of     12:  EV= 1.5120237E+06, f=  195.703876, T=    0.005110
 Found mode      6 of     12:  EV= 2.0177448E+06, f=  226.075369, T=    0.004423
 Found mode      7 of     12:  EV= 2.3907991E+06, f=  246.088699, T=    0.004064
 Found mode      8 of     12:  EV= 3.0831687E+06, f=  279.459435, T=    0.003578
 Found mode      9 of     12:  EV= 3.1179227E+06, f=  281.030076, T=    0.003558
 Found mode     10 of     12:  EV= 3.3893995E+06, f=  293.009372, T=    0.003413
 Found mode     11 of     12:  EV= 3.5188307E+06, f=  298.551543, T=    0.003350
 Found mode     12 of     12:  EV= 4.3863833E+06, f=  333.329249, T=    0.003000

 NUMBER OF EIGEN MODES FOUND               =          12
 NUMBER OF ITERATIONS PERFORMED            =          10
 NUMBER OF STIFFNESS SHIFTS                =           0


 A N A L Y S I S   C O M P L E T E                          2026/08/04  11:23:46
